PUBLIC ┃ public
CLASS ┃ class
IDENTIFIER ┃ A
{ ┃ {
PUBLIC ┃ public
IDENTIFIER ┃ A
( ┃ (
) ┃ )
{ ┃ {
} ┃ }
PUBLIC ┃ public
INT ┃ int
IDENTIFIER ┃ m
( ┃ (
) ┃ )
{ ┃ {
RETURN ┃ return
IDENTIFIER ┃ java
. ┃ .
IDENTIFIER ┃ util
. ┃ .
IDENTIFIER ┃ Calendar
. ┃ .
IDENTIFIER ┃ MONDAY
; ┃ ;
} ┃ }
} ┃ }