PUBLIC ┃ public
CLASS ┃ class
IDENTIFIER ┃ A
{ ┃ {
PUBLIC ┃ public
IDENTIFIER ┃ A
( ┃ (
) ┃ )
{ ┃ {
} ┃ }
PUBLIC ┃ public
VOID ┃ void
IDENTIFIER ┃ m
( ┃ (
) ┃ )
{ ┃ {
INT ┃ int
IDENTIFIER ┃ x
= ┃ =
INTEGER_LITERAL ┃ 42
; ┃ ;
IDENTIFIER ┃ x
= ┃ =
IDENTIFIER ┃ x
+ ┃ +
INTEGER_LITERAL ┃ 1
; ┃ ;
INT ┃ int
IDENTIFIER ┃ y
= ┃ =
IDENTIFIER ┃ x
+ ┃ +
INTEGER_LITERAL ┃ 87
; ┃ ;
} ┃ }
} ┃ }