PUBLIC ┃ public
CLASS ┃ class
IDENTIFIER ┃ A
{ ┃ {
PUBLIC ┃ public
IDENTIFIER ┃ A
( ┃ (
) ┃ )
{ ┃ {
} ┃ }
PUBLIC ┃ public
INT ┃ int
IDENTIFIER ┃ m
( ┃ (
INT ┃ int
IDENTIFIER ┃ x
) ┃ )
{ ┃ {
IF ┃ if
( ┃ (
IDENTIFIER ┃ x
== ┃ ==
INTEGER_LITERAL ┃ 42
) ┃ )
RETURN ┃ return
INTEGER_LITERAL ┃ 87
; ┃ ;
ELSE ┃ else
RETURN ┃ return
INTEGER_LITERAL ┃ 17
; ┃ ;
} ┃ }
} ┃ }