PUBLIC ┃ public
CLASS ┃ class
IDENTIFIER ┃ A
{ ┃ {
PUBLIC ┃ public
IDENTIFIER ┃ A
( ┃ (
) ┃ )
{ ┃ {
} ┃ }
PUBLIC ┃ public
INT ┃ int
IDENTIFIER ┃ m
( ┃ (
) ┃ )
{ ┃ {
INT ┃ int
[ ┃ [
] ┃ ]
IDENTIFIER ┃ x
= ┃ =
NEW ┃ new
INT ┃ int
[ ┃ [
INTEGER_LITERAL ┃ 42
] ┃ ]
; ┃ ;
RETURN ┃ return
IDENTIFIER ┃ x
. ┃ .
IDENTIFIER ┃ length
; ┃ ;
} ┃ }
} ┃ }
