PUBLIC ┃ public
CLASS ┃ class
IDENTIFIER ┃ A
{ ┃ {
PUBLIC ┃ public
IDENTIFIER ┃ A
( ┃ (
) ┃ )
{ ┃ {
} ┃ }
PUBLIC ┃ public
INT ┃ int
IDENTIFIER ┃ foo
( ┃ (
) ┃ )
[ ┃ [
] ┃ ]
{ ┃ {
RETURN ┃ return
NULL_LITERAL ┃ null
; ┃ ;
} ┃ }
} ┃ }