PUBLIC ┃ public
CLASS ┃ class
IDENTIFIER ┃ A
{ ┃ {
PUBLIC ┃ public
VOID ┃ void
IDENTIFIER ┃ m
( ┃ (
INT ┃ int
IDENTIFIER ┃ x
) ┃ )
{ ┃ {
IDENTIFIER ┃ x
+ ┃ +
= ┃ =
INTEGER_LITERAL ┃ 42
; ┃ ;
IDENTIFIER ┃ x
- ┃ -
= ┃ =
INTEGER_LITERAL ┃ 42
; ┃ ;
IDENTIFIER ┃ x
* ┃ *
= ┃ =
INTEGER_LITERAL ┃ 42
; ┃ ;
IDENTIFIER ┃ x
/ ┃ /
= ┃ =
INTEGER_LITERAL ┃ 42
; ┃ ;
IDENTIFIER ┃ x
% ┃ %
= ┃ =
INTEGER_LITERAL ┃ 42
; ┃ ;
IDENTIFIER ┃ x
| ┃ |
= ┃ =
INTEGER_LITERAL ┃ 42
; ┃ ;
IDENTIFIER ┃ x
& ┃ &
= ┃ =
INTEGER_LITERAL ┃ 42
; ┃ ;
IDENTIFIER ┃ x
^ ┃ ^
= ┃ =
INTEGER_LITERAL ┃ 42
; ┃ ;
IDENTIFIER ┃ x
< ┃ <
<= ┃ <=
INTEGER_LITERAL ┃ 42
; ┃ ;
IDENTIFIER ┃ x
> ┃ >
>= ┃ >=
INTEGER_LITERAL ┃ 42
; ┃ ;
IDENTIFIER ┃ x
> ┃ >
> ┃ >
>= ┃ >=
INTEGER_LITERAL ┃ 42
; ┃ ;
} ┃ }
} ┃ }