PUBLIC ┃ public
CLASS ┃ class
IDENTIFIER ┃ A
{ ┃ {
PUBLIC ┃ public
IDENTIFIER ┃ A
( ┃ (
) ┃ )
{ ┃ {
} ┃ }
PROTECTED ┃ protected
BOOLEAN ┃ boolean
IDENTIFIER ┃ x
; ┃ ;
} ┃ }
