PUBLIC ┃ public
CLASS ┃ class
IDENTIFIER ┃ A
{ ┃ {
PUBLIC ┃ public
INT ┃ int
IDENTIFIER ┃ m
( ┃ (
INT ┃ int
IDENTIFIER ┃ x
) ┃ )
{ ┃ {
WHILE ┃ while
( ┃ (
IDENTIFIER ┃ x
> ┃ >
INTEGER_LITERAL ┃ 0
) ┃ )
{ ┃ {
IDENTIFIER ┃ x
= ┃ =
IDENTIFIER ┃ x
- ┃ -
INTEGER_LITERAL ┃ 1
; ┃ ;
IF ┃ if
( ┃ (
IDENTIFIER ┃ x
= ┃ =
INTEGER_LITERAL ┃ 42
) ┃ )
IDENTIFIER ┃ break
; ┃ ;
} ┃ }
RETURN ┃ return
IDENTIFIER ┃ x
; ┃ ;
} ┃ }
} ┃ }