PUBLIC ┃ public
CLASS ┃ class
IDENTIFIER ┃ A
{ ┃ {
PUBLIC ┃ public
IDENTIFIER ┃ A
( ┃ (
) ┃ )
{ ┃ {
} ┃ }
PUBLIC ┃ public
VOID ┃ void
IDENTIFIER ┃ m2
( ┃ (
) ┃ )
{ ┃ {
IDENTIFIER ┃ java
. ┃ .
IDENTIFIER ┃ lang
. ┃ .
IDENTIFIER ┃ System
. ┃ .
IDENTIFIER ┃ exit
( ┃ (
) ┃ )
; ┃ ;
} ┃ }
} ┃ }
