PUBLIC ┃ public
CLASS ┃ class
IDENTIFIER ┃ A
{ ┃ {
PUBLIC ┃ public
INT ┃ int
IDENTIFIER ┃ m
( ┃ (
INT ┃ int
IDENTIFIER ┃ x
) ┃ )
{ ┃ {
RETURN ┃ return
IDENTIFIER ┃ x
== ┃ ==
INTEGER_LITERAL ┃ 42
? ┃ ?
INTEGER_LITERAL ┃ 87
: ┃ :
IDENTIFIER ┃ x
; ┃ ;
} ┃ }
} ┃ }