IMPORT ┃ import
IDENTIFIER ┃ java
. ┃ .
IDENTIFIER ┃ util
. ┃ .
IDENTIFIER ┃ Vector
; ┃ ;
PUBLIC ┃ public
CLASS ┃ class
IDENTIFIER ┃ A
{ ┃ {
PUBLIC ┃ public
IDENTIFIER ┃ A
( ┃ (
) ┃ )
{ ┃ {
} ┃ }
PROTECTED ┃ protected
IDENTIFIER ┃ Vector
IDENTIFIER ┃ c
; ┃ ;
} ┃ }