PUBLIC ┃ public
CLASS ┃ class
IDENTIFIER ┃ A
{ ┃ {
PUBLIC ┃ public
IDENTIFIER ┃ A
( ┃ (
) ┃ )
{ ┃ {
} ┃ }
PUBLIC ┃ public
IDENTIFIER ┃ A
( ┃ (
IDENTIFIER ┃ Object
IDENTIFIER ┃ x
, ┃ ,
IDENTIFIER ┃ Object
IDENTIFIER ┃ y
) ┃ )
{ ┃ {
} ┃ }
PUBLIC ┃ public
IDENTIFIER ┃ A
( ┃ (
IDENTIFIER ┃ Object
IDENTIFIER ┃ x
, ┃ ,
IDENTIFIER ┃ A
IDENTIFIER ┃ y
) ┃ )
{ ┃ {
} ┃ }
PUBLIC ┃ public
VOID ┃ void
IDENTIFIER ┃ m
( ┃ (
) ┃ )
{ ┃ {
NEW ┃ new
IDENTIFIER ┃ A
( ┃ (
NEW ┃ new
IDENTIFIER ┃ A
( ┃ (
) ┃ )
, ┃ ,
NEW ┃ new
IDENTIFIER ┃ A
( ┃ (
) ┃ )
) ┃ )
; ┃ ;
} ┃ }
} ┃ }