PUBLIC ┃ public
CLASS ┃ class
IDENTIFIER ┃ A
{ ┃ {
PUBLIC ┃ public
INT ┃ int
IDENTIFIER ┃ m1
( ┃ (
IDENTIFIER ┃ Object
IDENTIFIER ┃ x
, ┃ ,
IDENTIFIER ┃ Object
IDENTIFIER ┃ y
) ┃ )
{ ┃ {
RETURN ┃ return
INTEGER_LITERAL ┃ 42
; ┃ ;
} ┃ }
PUBLIC ┃ public
INT ┃ int
IDENTIFIER ┃ m1
( ┃ (
IDENTIFIER ┃ Object
IDENTIFIER ┃ x
, ┃ ,
IDENTIFIER ┃ A
IDENTIFIER ┃ y
) ┃ )
{ ┃ {
RETURN ┃ return
INTEGER_LITERAL ┃ 87
; ┃ ;
} ┃ }
PUBLIC ┃ public
INT ┃ int
IDENTIFIER ┃ m2
( ┃ (
) ┃ )
{ ┃ {
RETURN ┃ return
THIS ┃ this
. ┃ .
IDENTIFIER ┃ m1
( ┃ (
NEW ┃ new
IDENTIFIER ┃ A
( ┃ (
) ┃ )
, ┃ ,
NEW ┃ new
IDENTIFIER ┃ A
( ┃ (
) ┃ )
) ┃ )
; ┃ ;
} ┃ }
} ┃ }