PUBLIC ┃ public
CLASS ┃ class
IDENTIFIER ┃ A
{ ┃ {
PUBLIC ┃ public
IDENTIFIER ┃ A
( ┃ (
) ┃ )
{ ┃ {
} ┃ }
PUBLIC ┃ public
VOID ┃ void
IDENTIFIER ┃ m
( ┃ (
) ┃ )
{ ┃ {
IDENTIFIER ┃ java
. ┃ .
IDENTIFIER ┃ util
. ┃ .
IDENTIFIER ┃ Vector
IDENTIFIER ┃ x
= ┃ =
NULL_LITERAL ┃ null
; ┃ ;
} ┃ }
} ┃ }