PUBLIC ┃ public
CLASS ┃ class
IDENTIFIER ┃ A
{ ┃ {
PUBLIC ┃ public
IDENTIFIER ┃ A
( ┃ (
) ┃ )
{ ┃ {
} ┃ }
PUBLIC ┃ public
BOOLEAN ┃ boolean
IDENTIFIER ┃ m
( ┃ (
INT ┃ int
IDENTIFIER ┃ x
) ┃ )
{ ┃ {
RETURN ┃ return
( ┃ (
IDENTIFIER ┃ x
< ┃ <
INTEGER_LITERAL ┃ 87
) ┃ )
&& ┃ &&
( ┃ (
IDENTIFIER ┃ x
> ┃ >
INTEGER_LITERAL ┃ 42
) ┃ )
&& ┃ &&
( ┃ (
IDENTIFIER ┃ x
<= ┃ <=
INTEGER_LITERAL ┃ 86
) ┃ )
&& ┃ &&
( ┃ (
IDENTIFIER ┃ x
>= ┃ >=
INTEGER_LITERAL ┃ 43
) ┃ )
&& ┃ &&
( ┃ (
IDENTIFIER ┃ x
== ┃ ==
INTEGER_LITERAL ┃ 51
) ┃ )
&& ┃ &&
( ┃ (
IDENTIFIER ┃ x
!= ┃ !=
INTEGER_LITERAL ┃ 52
) ┃ )
; ┃ ;
} ┃ }
} ┃ }