PUBLIC ┃ public
CLASS ┃ class
IDENTIFIER ┃ A
{ ┃ {
PUBLIC ┃ public
IDENTIFIER ┃ A
( ┃ (
) ┃ )
{ ┃ {
} ┃ }
PUBLIC ┃ public
BOOLEAN ┃ boolean
IDENTIFIER ┃ m
( ┃ (
BOOLEAN ┃ boolean
IDENTIFIER ┃ x
) ┃ )
{ ┃ {
RETURN ┃ return
( ┃ (
IDENTIFIER ┃ x
& ┃ &
BOOLEAN_LITERAL ┃ true
) ┃ )
| ┃ |
! ┃ !
IDENTIFIER ┃ x
; ┃ ;
} ┃ }
} ┃ }
