PUBLIC ┃ public
CLASS ┃ class
IDENTIFIER ┃ A
{ ┃ {
PUBLIC ┃ public
IDENTIFIER ┃ A
( ┃ (
) ┃ )
{ ┃ {
} ┃ }
PUBLIC ┃ public
INT ┃ int
IDENTIFIER ┃ m
( ┃ (
IDENTIFIER ┃ java
. ┃ .
IDENTIFIER ┃ util
. ┃ .
IDENTIFIER ┃ Vector
IDENTIFIER ┃ x
) ┃ )
{ ┃ {
RETURN ┃ return
IDENTIFIER ┃ x
. ┃ .
IDENTIFIER ┃ size
( ┃ (
) ┃ )
; ┃ ;
} ┃ }
} ┃ }