PUBLIC ┃ public
CLASS ┃ class
IDENTIFIER ┃ A
{ ┃ {
PUBLIC ┃ public
INT ┃ int
IDENTIFIER ┃ m
( ┃ (
) ┃ )
{ ┃ {
FINAL ┃ final
INT ┃ int
IDENTIFIER ┃ x
= ┃ =
INTEGER_LITERAL ┃ 42
; ┃ ;
RETURN ┃ return
IDENTIFIER ┃ x
; ┃ ;
} ┃ }
} ┃ }