PUBLIC ┃ public
CLASS ┃ class
IDENTIFIER ┃ A
{ ┃ {
PUBLIC ┃ public
IDENTIFIER ┃ A
( ┃ (
) ┃ )
{ ┃ {
} ┃ }
PUBLIC ┃ public
FINAL ┃ final
INT ┃ int
IDENTIFIER ┃ m
( ┃ (
) ┃ )
{ ┃ {
RETURN ┃ return
INTEGER_LITERAL ┃ 42
; ┃ ;
} ┃ }
} ┃ }