PUBLIC ┃ public
CLASS ┃ class
IDENTIFIER ┃ A
{ ┃ {
PUBLIC ┃ public
INT ┃ int
IDENTIFIER ┃ m
( ┃ (
FINAL ┃ final
INT ┃ int
IDENTIFIER ┃ x
) ┃ )
{ ┃ {
RETURN ┃ return
IDENTIFIER ┃ x
; ┃ ;
} ┃ }
} ┃ }