PUBLIC ┃ public
CLASS ┃ class
IDENTIFIER ┃ A
{ ┃ {
PUBLIC ┃ public
IDENTIFIER ┃ A
( ┃ (
) ┃ )
{ ┃ {
} ┃ }
PUBLIC ┃ public
INT ┃ int
IDENTIFIER ┃ m
( ┃ (
INT ┃ int
IDENTIFIER ┃ x
) ┃ )
{ ┃ {
INT ┃ int
IDENTIFIER ┃ y
= ┃ =
INTEGER_LITERAL ┃ 0
; ┃ ;
FOR ┃ for
( ┃ (
INT ┃ int
IDENTIFIER ┃ i
= ┃ =
IDENTIFIER ┃ x
; ┃ ;
IDENTIFIER ┃ i
> ┃ >
INTEGER_LITERAL ┃ 0
; ┃ ;
IDENTIFIER ┃ i
= ┃ =
IDENTIFIER ┃ i
- ┃ -
INTEGER_LITERAL ┃ 1
) ┃ )
IDENTIFIER ┃ y
= ┃ =
IDENTIFIER ┃ y
+ ┃ +
INTEGER_LITERAL ┃ 1
; ┃ ;
RETURN ┃ return
IDENTIFIER ┃ y
; ┃ ;
} ┃ }
} ┃ }