PUBLIC ┃ public
CLASS ┃ class
IDENTIFIER ┃ A
{ ┃ {
PUBLIC ┃ public
IDENTIFIER ┃ A
( ┃ (
) ┃ )
{ ┃ {
} ┃ }
PUBLIC ┃ public
INT ┃ int
IDENTIFIER ┃ m
( ┃ (
INT ┃ int
IDENTIFIER ┃ x
) ┃ )
{ ┃ {
INT ┃ int
IDENTIFIER ┃ y
= ┃ =
INTEGER_LITERAL ┃ 0
; ┃ ;
IF ┃ if
( ┃ (
IDENTIFIER ┃ x
== ┃ ==
INTEGER_LITERAL ┃ 0
) ┃ )
IDENTIFIER ┃ y
= ┃ =
INTEGER_LITERAL ┃ 42
; ┃ ;
ELSE ┃ else
IDENTIFIER ┃ y
= ┃ =
INTEGER_LITERAL ┃ 87
; ┃ ;
RETURN ┃ return
IDENTIFIER ┃ y
; ┃ ;
} ┃ }
} ┃ }