PUBLIC ┃ public
CLASS ┃ class
IDENTIFIER ┃ A
{ ┃ {
PUBLIC ┃ public
IDENTIFIER ┃ A
( ┃ (
) ┃ )
{ ┃ {
/ ┃ /
* ┃ *
SUPER ┃ super
( ┃ (
) ┃ )
; ┃ ;
* ┃ *
/ ┃ /
} ┃ }
} ┃ }