PUBLIC ┃ public
CLASS ┃ class
IDENTIFIER ┃ A
{ ┃ {
PUBLIC ┃ public
IDENTIFIER ┃ A
( ┃ (
) ┃ )
{ ┃ {
} ┃ }
PUBLIC ┃ public
INT ┃ int
IDENTIFIER ┃ m1
( ┃ (
) ┃ )
{ ┃ {
RETURN ┃ return
INTEGER_LITERAL ┃ 42
; ┃ ;
} ┃ }
PUBLIC ┃ public
INT ┃ int
IDENTIFIER ┃ m2
( ┃ (
) ┃ )
{ ┃ {
RETURN ┃ return
IDENTIFIER ┃ m1
( ┃ (
) ┃ )
; ┃ ;
} ┃ }
} ┃ }
