PUBLIC ┃ public
CLASS ┃ class
IDENTIFIER ┃ A
{ ┃ {
PUBLIC ┃ public
IDENTIFIER ┃ A
( ┃ (
) ┃ )
{ ┃ {
} ┃ }
PUBLIC ┃ public
IDENTIFIER ┃ String
IDENTIFIER ┃ m
( ┃ (
INT ┃ int
IDENTIFIER ┃ x
) ┃ )
{ ┃ {
RETURN ┃ return
STRING_LITERAL ┃ "foo"
+ ┃ +
IDENTIFIER ┃ x
+ ┃ +
BOOLEAN_LITERAL ┃ true
+ ┃ +
NULL_LITERAL ┃ null
; ┃ ;
} ┃ }
} ┃ }