PUBLIC ┃ public
CLASS ┃ class
IDENTIFIER ┃ A
{ ┃ {
PUBLIC ┃ public
IDENTIFIER ┃ A
( ┃ (
) ┃ )
{ ┃ {
} ┃ }
PROTECTED ┃ protected
INT ┃ int
IDENTIFIER ┃ x
; ┃ ;
PUBLIC ┃ public
INT ┃ int
IDENTIFIER ┃ m
( ┃ (
) ┃ )
{ ┃ {
RETURN ┃ return
IDENTIFIER ┃ x
; ┃ ;
} ┃ }
} ┃ }
