PUBLIC ┃ public
CLASS ┃ class
IDENTIFIER ┃ A
IMPLEMENTS ┃ implements
IDENTIFIER ┃ java
. ┃ .
IDENTIFIER ┃ io
. ┃ .
IDENTIFIER ┃ Serializable
{ ┃ {
PUBLIC ┃ public
IDENTIFIER ┃ A
( ┃ (
) ┃ )
{ ┃ {
} ┃ }
INT ┃ int
IDENTIFIER ┃ x
; ┃ ;
} ┃ }