PUBLIC ┃ public
CLASS ┃ class
IDENTIFIER ┃ A
{ ┃ {
PUBLIC ┃ public
IDENTIFIER ┃ A
( ┃ (
) ┃ )
{ ┃ {
} ┃ }
PUBLIC ┃ public
BOOLEAN ┃ boolean
IDENTIFIER ┃ m
( ┃ (
IDENTIFIER ┃ Object
IDENTIFIER ┃ x
) ┃ )
{ ┃ {
RETURN ┃ return
IDENTIFIER ┃ x
INSTANCEOF ┃ instanceof
IDENTIFIER ┃ A
; ┃ ;
} ┃ }
} ┃ }
