PUBLIC ┃ public
INTERFACE ┃ interface
IDENTIFIER ┃ A
{ ┃ {
} ┃ }
