PUBLIC ┃ public
CLASS ┃ class
IDENTIFIER ┃ A
{ ┃ {
PUBLIC ┃ public
IDENTIFIER ┃ A
( ┃ (
) ┃ )
{ ┃ {
} ┃ }
PUBLIC ┃ public
INT ┃ int
IDENTIFIER ┃ m
( ┃ (
) ┃ )
{ ┃ {
INT ┃ int
IDENTIFIER ┃ x
= ┃ =
INTEGER_LITERAL ┃ 42
; ┃ ;
INT ┃ int
IDENTIFIER ┃ y
= ┃ =
INTEGER_LITERAL ┃ 87
; ┃ ;
{ ┃ {
INT ┃ int
IDENTIFIER ┃ z
= ┃ =
IDENTIFIER ┃ x
+ ┃ +
IDENTIFIER ┃ y
; ┃ ;
RETURN ┃ return
IDENTIFIER ┃ z
; ┃ ;
} ┃ }
} ┃ }
} ┃ }
