PUBLIC ┃ public
CLASS ┃ class
IDENTIFIER ┃ A
{ ┃ {
PUBLIC ┃ public
IDENTIFIER ┃ A
( ┃ (
) ┃ )
{ ┃ {
} ┃ }
PUBLIC ┃ public
INT ┃ int
IDENTIFIER ┃ x
; ┃ ;
PUBLIC ┃ public
VOID ┃ void
IDENTIFIER ┃ m
( ┃ (
) ┃ )
{ ┃ {
NEW ┃ new
IDENTIFIER ┃ A
( ┃ (
) ┃ )
. ┃ .
IDENTIFIER ┃ x
= ┃ =
INTEGER_LITERAL ┃ 42
; ┃ ;
} ┃ }
} ┃ }

