PACKAGE ┃ package
IDENTIFIER ┃ dovs
. ┃ .
IDENTIFIER ┃ joos
. ┃ .
IDENTIFIER ┃ features
; ┃ ;
PUBLIC ┃ public
CLASS ┃ class
IDENTIFIER ┃ A
{ ┃ {
PUBLIC ┃ public
IDENTIFIER ┃ A
( ┃ (
) ┃ )
{ ┃ {
} ┃ }
PROTECTED ┃ protected
INT ┃ int
IDENTIFIER ┃ x
; ┃ ;
} ┃ }
