PUBLIC ┃ public
CLASS ┃ class
IDENTIFIER ┃ A
{ ┃ {
PUBLIC ┃ public
IDENTIFIER ┃ A
( ┃ (
) ┃ )
{ ┃ {
} ┃ }
PUBLIC ┃ public
IDENTIFIER ┃ A
IDENTIFIER ┃ m
( ┃ (
IDENTIFIER ┃ Object
IDENTIFIER ┃ x
) ┃ )
{ ┃ {
RETURN ┃ return
( ┃ (
IDENTIFIER ┃ A
) ┃ )
IDENTIFIER ┃ x
; ┃ ;
} ┃ }
} ┃ }
