PUBLIC ┃ public
CLASS ┃ class
IDENTIFIER ┃ A
{ ┃ {
PROTECTED ┃ protected
STATIC ┃ static
INT ┃ int
IDENTIFIER ┃ x
; ┃ ;
} ┃ }
