PUBLIC ┃ public
CLASS ┃ class
IDENTIFIER ┃ A
{ ┃ {
PUBLIC ┃ public
IDENTIFIER ┃ A
( ┃ (
) ┃ )
{ ┃ {
} ┃ }
PUBLIC ┃ public
IDENTIFIER ┃ A
IDENTIFIER ┃ returnThis
( ┃ (
) ┃ )
{ ┃ {
RETURN ┃ return
THIS ┃ this
; ┃ ;
} ┃ }
} ┃ }
